// Jest Snapshot v1, https://goo.gl/fbAQLP

exports[`component Cart CartView matches the snapshot with data 1`] = `ShallowWrapper {}`;

exports[`component Cart CartView matches the snapshot with default props 1`] = `ShallowWrapper {}`;

exports[`component Cart Spinner matches the snapshot 1`] = `ShallowWrapper {}`;
